2026-03-04 21:59:32,655 [INFO] in AsyncAppender-Worker-ASYNCSTDOUT - [[34mINFO [0;39m] c.jpro.activity - Starting the server - AsyncAppender-Worker-ASYNCSTDOUT
2026-03-04 21:59:32,655 [INFO] in AsyncAppender-Worker-ASYNCSTDOUT - [[34mINFO [0;39m] c.j.i.s.JProInitializer$ -  *** Starting JPro: https://www.jpro.one/ *** - AsyncAppender-Worker-ASYNCSTDOUT
2026-03-04 21:59:32,655 [INFO] in AsyncAppender-Worker-ASYNCSTDOUT - [[34mINFO [0;39m] c.j.i.s.JProInitializer$ - OS: Mac OS X - AsyncAppender-Worker-ASYNCSTDOUT
2026-03-04 21:59:32,659 [INFO] in AsyncAppender-Worker-ASYNCSTDOUT - [[34mINFO [0;39m] c.j.i.s.JProInitializer$ - JPro: 2025.3.3 - AsyncAppender-Worker-ASYNCSTDOUT
2026-03-04 21:59:32,659 [INFO] in AsyncAppender-Worker-ASYNCSTDOUT - [[34mINFO [0;39m] c.j.i.s.JProInitializer$ - Java version: 25.0.2 - AsyncAppender-Worker-ASYNCSTDOUT
2026-03-04 21:59:32,659 [INFO] in AsyncAppender-Worker-ASYNCSTDOUT - [[34mINFO [0;39m] c.j.i.s.JProInitializer$ - JVM: 25.0.2 Homebrew - AsyncAppender-Worker-ASYNCSTDOUT
2026-03-04 21:59:32,660 [INFO] in AsyncAppender-Worker-ASYNCSTDOUT - [[34mINFO [0;39m] c.j.i.s.JProInitializer$ - JavaFX jar: file:/Users/zoeyzhu/.m2/repository/org/openjfx/javafx-graphics/25.0.2-jpro/javafx-graphics-25.0.2-jpro-mac-aarch64.jar - AsyncAppender-Worker-ASYNCSTDOUT
2026-03-04 21:59:32,663 [INFO] in AsyncAppender-Worker-ASYNCSTDOUT - [[34mINFO [0;39m] c.j.i.s.JProInitializer$ - Configuring logging from url: 'jar:file:/Users/zoeyzhu/.m2/repository/one/jpro/jpro-server_2.12/2025.3.3/jpro-server_2.12-2025.3.3.jar!/logback-jpro-default.xml' - AsyncAppender-Worker-ASYNCSTDOUT
2026-03-04 21:59:33,213 [INFO] in AsyncAppender-Worker-ASYNCSTDOUT - [[34mINFO [0;39m] c.j.i.s.JProInitializer$ - JavaFX version: 25.0.2-jpro+0 - AsyncAppender-Worker-ASYNCSTDOUT
2026-03-04 21:59:33,283 [INFO] in JavaFX Application Thread - G1 Young Generation - JavaFX Application Thread
2026-03-04 21:59:33,284 [INFO] in JavaFX Application Thread - G1 Concurrent GC - JavaFX Application Thread
2026-03-04 21:59:33,284 [INFO] in JavaFX Application Thread - G1 Old Generation - JavaFX Application Thread
2026-03-04 21:59:33,301 [INFO] in AsyncAppender-Worker-ASYNCSTDOUT - [[34mINFO [0;39m] c.j.i.s.JProInitializer$ - finished init! - AsyncAppender-Worker-ASYNCSTDOUT
2026-03-04 21:59:33,304 [INFO] in AsyncAppender-Worker-ASYNCSTDOUT - [[34mINFO [0;39m] c.j.i.s.JProInitializer$ - [JPro] -> Server started: {start_time: 1772679572651, os_name: Mac OS X, jpro_version: 2025.3.3, pid: 84441} - AsyncAppender-Worker-ASYNCSTDOUT
2026-03-04 21:59:33,371 [INFO] in AsyncAppender-Worker-ASYNCSTDOUT - [[34mINFO [0;39m] c.j.i.s.Route$ - Creating routing for JPro server - AsyncAppender-Worker-ASYNCSTDOUT
2026-03-04 21:59:33,412 [INFO] in AsyncAppender-Worker-ASYNCSTDOUT - [[34mINFO [0;39m] i.h.c.f.HelidonFeatures - Helidon SE 4.2.6 features: [Config, Encoding, Media, Metrics, Registry, WebServer, WebSocket] - AsyncAppender-Worker-ASYNCSTDOUT
2026-03-04 21:59:33,421 [INFO] in AsyncAppender-Worker-ASYNCSTDOUT - [[34mINFO [0;39m] i.h.w.ServerListener - [0x7fb3596e] http://0.0.0.0:8080 bound for socket '@default' - AsyncAppender-Worker-ASYNCSTDOUT
2026-03-04 21:59:33,422 [ERROR] in Thread-0 - There is no Helidon logging implementation on classpath, skipping log configuration. - Thread-0
2026-03-04 21:59:33,424 [INFO] in AsyncAppender-Worker-ASYNCSTDOUT - [[34mINFO [0;39m] i.h.w.LoomServer - Started all channels in 15 milliseconds. 1582 milliseconds since JVM startup. Java 25.0.2 - AsyncAppender-Worker-ASYNCSTDOUT
2026-03-04 21:59:33,424 [INFO] in Thread-0 - Server started at http://localhost:8080 - Thread-0
2026-03-04 21:59:35,380 [INFO] in AsyncAppender-Worker-ASYNCSTDOUT - [[34mINFO [0;39m] c.j.i.s.JProWSEndpoint - application requested: default params: Map() - AsyncAppender-Worker-ASYNCSTDOUT
2026-03-04 21:59:35,380 [INFO] in AsyncAppender-Worker-ASYNCSTDOUT - [[34mINFO [0;39m] c.j.i.s.JProWSEndpoint - Creating Application: default - AsyncAppender-Worker-ASYNCSTDOUT
2026-03-04 21:59:35,380 [INFO] in AsyncAppender-Worker-ASYNCSTDOUT - [[34mINFO [0;39m] c.j.i.s.JProWSEndpoint - remoteAddress 0:0:0:0:0:0:0:1 - AsyncAppender-Worker-ASYNCSTDOUT
2026-03-04 21:59:35,380 [INFO] in AsyncAppender-Worker-ASYNCSTDOUT - [[34mINFO [0;39m] c.j.i.s.JProWSEndpoint - host           - AsyncAppender-Worker-ASYNCSTDOUT
2026-03-04 21:59:35,380 [INFO] in AsyncAppender-Worker-ASYNCSTDOUT - [[34mINFO [0;39m] c.j.i.s.JProWSEndpoint - uri           /app/ws/default - AsyncAppender-Worker-ASYNCSTDOUT
2026-03-04 21:59:35,388 [INFO] in AsyncAppender-Worker-ASYNCSTDOUT - [[34mINFO [0;39m] c.j.i.s.JProWSEndpoint - Application found. - AsyncAppender-Worker-ASYNCSTDOUT
2026-03-04 21:59:35,408 [INFO] in AsyncAppender-Worker-ASYNCSTDOUT - [[34mINFO [0;39m] c.j.i.s.JProWSEndpoint - Handshake received: JSFILE_ID_REPLACED_BY_PLAY - AsyncAppender-Worker-ASYNCSTDOUT
2026-03-04 21:59:35,664 [INFO] in AsyncAppender-Worker-ASYNCSTDOUT - [[34mINFO [0;39m] c.j.i.s.ViewInfo$ - [JPro] -> View created: {app_name: default, host_name: localhost:8080, instance_id: 86roy9zigicoo8ygea6ihjx6s, browser: Safari 605.1.15, browser_url: http://localhost:8080/, client_ip: 0:0:0:0:0:0:0:1} - AsyncAppender-Worker-ASYNCSTDOUT
2026-03-04 21:59:35,773 [INFO] in JavaFX Application Thread - PrismFontFactory - FontConfigManager.populateMaps!!!! - JavaFX Application Thread
2026-03-04 21:59:36,158 [INFO] in AsyncAppender-Worker-ASYNCSTDOUT - [[34mINFO [0;39m] c.j.i.c.InstanceImpl - [JPro] -> Instance created: {app_name: default, host_name: localhost:8080, instance_id: 86roy9zigicoo8ygea6ihjx6s, browser: Safari 605.1.15, browser_url: http://localhost:8080/, client_ip: 0:0:0:0:0:0:0:1} - AsyncAppender-Worker-ASYNCSTDOUT
