2026-03-04 21:59:32,651 [INFO] from com.jpro.activity in scala-execution-context-global-34 - Starting the server
2026-03-04 21:59:32,654 [INFO] from com.jpro.internal.server.JProInitializer$ in scala-execution-context-global-34 -  *** Starting JPro: https://www.jpro.one/ ***
2026-03-04 21:59:32,654 [INFO] from com.jpro.internal.server.JProInitializer$ in scala-execution-context-global-34 - OS: Mac OS X
2026-03-04 21:59:32,659 [INFO] from com.jpro.internal.server.JProInitializer$ in scala-execution-context-global-34 - JPro: 2025.3.3
2026-03-04 21:59:32,659 [INFO] from com.jpro.internal.server.JProInitializer$ in scala-execution-context-global-34 - Java version: 25.0.2
2026-03-04 21:59:32,659 [INFO] from com.jpro.internal.server.JProInitializer$ in scala-execution-context-global-34 - JVM: 25.0.2 Homebrew
2026-03-04 21:59:32,660 [INFO] from com.jpro.internal.server.JProInitializer$ in scala-execution-context-global-34 - JavaFX jar: file:/Users/zoeyzhu/.m2/repository/org/openjfx/javafx-graphics/25.0.2-jpro/javafx-graphics-25.0.2-jpro-mac-aarch64.jar
2026-03-04 21:59:32,662 [INFO] from com.jpro.internal.server.JProInitializer$ in scala-execution-context-global-34 - Configuring logging from url: 'jar:file:/Users/zoeyzhu/.m2/repository/one/jpro/jpro-server_2.12/2025.3.3/jpro-server_2.12-2025.3.3.jar!/logback-jpro-default.xml'
2026-03-04 21:59:33,213 [INFO] from com.jpro.internal.server.JProInitializer$ in JavaFX Application Thread - JavaFX version: 25.0.2-jpro+0
2026-03-04 21:59:33,301 [INFO] from com.jpro.internal.server.JProInitializer$ in scala-execution-context-global-34 - finished init!
2026-03-04 21:59:33,304 [INFO] from com.jpro.internal.server.JProInitializer$ in scala-execution-context-global-34 - [JPro] -> Server started: {start_time: 1772679572651, os_name: Mac OS X, jpro_version: 2025.3.3, pid: 84441}
2026-03-04 21:59:33,370 [INFO] from com.jpro.internal.server.Route$ in Thread-0 - Creating routing for JPro server
2026-03-04 21:59:33,411 [INFO] from io.helidon.common.features.HelidonFeatures in features-thread - Helidon SE 4.2.6 features: [Config, Encoding, Media, Metrics, Registry, WebServer, WebSocket]
2026-03-04 21:59:33,420 [INFO] from io.helidon.webserver.ServerListener in start @default (/0.0.0.0:8080) - [0x7fb3596e] http://0.0.0.0:8080 bound for socket '@default'
2026-03-04 21:59:33,424 [INFO] from io.helidon.webserver.LoomServer in Thread-0 - Started all channels in 15 milliseconds. 1582 milliseconds since JVM startup. Java 25.0.2
2026-03-04 21:59:35,379 [INFO] from com.jpro.internal.server.JProWSEndpoint in [0x7fb3596e 0x1d3173cf] WebServer socket - application requested: default params: Map()
2026-03-04 21:59:35,380 [INFO] from com.jpro.internal.server.JProWSEndpoint in [0x7fb3596e 0x1d3173cf] WebServer socket - Creating Application: default
2026-03-04 21:59:35,380 [INFO] from com.jpro.internal.server.JProWSEndpoint in [0x7fb3596e 0x1d3173cf] WebServer socket - remoteAddress 0:0:0:0:0:0:0:1
2026-03-04 21:59:35,380 [INFO] from com.jpro.internal.server.JProWSEndpoint in [0x7fb3596e 0x1d3173cf] WebServer socket - host          
2026-03-04 21:59:35,380 [INFO] from com.jpro.internal.server.JProWSEndpoint in [0x7fb3596e 0x1d3173cf] WebServer socket - uri           /app/ws/default
2026-03-04 21:59:35,388 [INFO] from com.jpro.internal.server.JProWSEndpoint in [0x7fb3596e 0x1d3173cf] WebServer socket - Application found.
2026-03-04 21:59:35,407 [INFO] from com.jpro.internal.server.JProWSEndpoint in [0x7fb3596e 0x1d3173cf] WebServer socket - Handshake received: JSFILE_ID_REPLACED_BY_PLAY
2026-03-04 21:59:35,663 [INFO] from com.jpro.internal.stats.ViewInfo$ in JavaFX Application Thread - [JPro] -> View created: {app_name: default, host_name: localhost:8080, instance_id: 86roy9zigicoo8ygea6ihjx6s, browser: Safari 605.1.15, browser_url: http://localhost:8080/, client_ip: 0:0:0:0:0:0:0:1}
2026-03-04 21:59:36,158 [INFO] from com.jpro.internal.communicator.InstanceImpl in JavaFX Application Thread - [JPro] -> Instance created: {app_name: default, host_name: localhost:8080, instance_id: 86roy9zigicoo8ygea6ihjx6s, browser: Safari 605.1.15, browser_url: http://localhost:8080/, client_ip: 0:0:0:0:0:0:0:1}
